// Jest Snapshot v1, https://goo.gl/fbAQLP

exports[`<Header/> should render correctly 1`] = `
<div>
  <Nav />
  <SearchBox
    handleChange={[MockFunction]}
    handleSubmit={[MockFunction]}
    searchText=""
  />
</div>
`;
