// Jest Snapshot v1, https://goo.gl/fbAQLP

exports[`<Nav/> should render correctly 1`] = `
<nav>
  <styled.div>
    <Logo>
      Doggo Food
    </Logo>
  </styled.div>
</nav>
`;
