// Jest Snapshot v1, https://goo.gl/fbAQLP

exports[`<App/> should render correctly 1`] = `
<div>
  <Header
    deleteRecentSearch={[Function]}
    handleChange={[Function]}
    handleSubmit={[Function]}
    onClickRecentSearch={[Function]}
    recentSearches={Array []}
    searchText=""
  />
  <Recipes
    recipes={Array []}
    searchText=""
  />
</div>
`;
